C:\Users\Gnana Prakash M\AppData\Roaming\Python\Python312\site-packages\pytest_asyncio\plugin.py:247: PytestDeprecationWarning: The configuration option "asyncio_default_fixture_loop_scope" is unset.
The event loop scope for asynchronous fixtures will default to the fixture caching scope. Future versions of pytest-asyncio will default the loop scope for asynchronous fixtures to function scope. Set the default fixture loop scope explicitly in order to avoid unexpected behavior in the future. Valid fixture loop scopes are: "function", "class", "module", "package", "session"

  warnings.warn(PytestDeprecationWarning(_DEFAULT_FIXTURE_LOOP_SCOPE_UNSET))
============================= test session starts =============================
platform win32 -- Python 3.12.8, pytest-8.3.5, pluggy-1.6.0
rootdir: D:\AI-Media-Indexer
configfile: pyproject.toml
plugins: anyio-4.12.1, langsmith-0.4.43, asyncio-1.3.0
asyncio: mode=Mode.STRICT, debug=False, asyncio_default_fixture_loop_scope=None, asyncio_default_test_loop_scope=function
collected 5 items

tests\unit\test_face_track_builder.py FFFFF                              [100%]

================================== FAILURES ===================================
__________________ TestFaceTrackBuilder.test_initialization ___________________

self = <test_face_track_builder.TestFaceTrackBuilder object at 0x000001DE49CDB980>

    def test_initialization(self):
>       builder = FaceTrackBuilder(iou_threshold=0.3, max_missing_frames=5)
E       TypeError: FaceTrackBuilder.__init__() got an unexpected keyword argument 'iou_threshold'

tests\unit\test_face_track_builder.py:10: TypeError
_____________ TestFaceTrackBuilder.test_update_creates_new_track ______________

self = <test_face_track_builder.TestFaceTrackBuilder object at 0x000001DE49D01BB0>

    def test_update_creates_new_track(self):
        builder = FaceTrackBuilder()
    
        # Simulating detections for frame 0
        detections = [
            {
                "bbox": [0.0, 0.0, 10.0, 10.0],
                "embedding": np.random.rand(512),
                "det_score": 0.9,
            }
        ]
    
>       builder.update(frame_idx=0, timestamp=0.0, detections=detections)
E       AttributeError: 'FaceTrackBuilder' object has no attribute 'update'

tests\unit\test_face_track_builder.py:28: AttributeError
_______ TestFaceTrackBuilder.test_update_matches_existing_track_by_iou ________

self = <test_face_track_builder.TestFaceTrackBuilder object at 0x000001DE49D00E30>

    def test_update_matches_existing_track_by_iou(self):
>       builder = FaceTrackBuilder(iou_threshold=0.3)
E       TypeError: FaceTrackBuilder.__init__() got an unexpected keyword argument 'iou_threshold'

tests\unit\test_face_track_builder.py:40: TypeError
_______ TestFaceTrackBuilder.test_track_finalization_on_missing_frames ________

self = <test_face_track_builder.TestFaceTrackBuilder object at 0x000001DE49D00FB0>

    def test_track_finalization_on_missing_frames(self):
>       builder = FaceTrackBuilder(max_missing_frames=2)
E       TypeError: FaceTrackBuilder.__init__() got an unexpected keyword argument 'max_missing_frames'

tests\unit\test_face_track_builder.py:60: TypeError
________________ TestFaceTrackBuilder.test_finalize_all_tracks ________________

self = <test_face_track_builder.TestFaceTrackBuilder object at 0x000001DE49D011C0>

    def test_finalize_all_tracks(self):
        builder = FaceTrackBuilder()
    
        # Create a track
        det = {"bbox": [0.0, 0.0, 10.0, 10.0], "embedding": np.random.rand(512), "det_score": 0.9}
>       builder.update(0, 0.0, [det])
E       AttributeError: 'FaceTrackBuilder' object has no attribute 'update'

tests\unit\test_face_track_builder.py:86: AttributeError
=========================== short test summary info ===========================
FAILED tests/unit/test_face_track_builder.py::TestFaceTrackBuilder::test_initialization
FAILED tests/unit/test_face_track_builder.py::TestFaceTrackBuilder::test_update_creates_new_track
FAILED tests/unit/test_face_track_builder.py::TestFaceTrackBuilder::test_update_matches_existing_track_by_iou
FAILED tests/unit/test_face_track_builder.py::TestFaceTrackBuilder::test_track_finalization_on_missing_frames
FAILED tests/unit/test_face_track_builder.py::TestFaceTrackBuilder::test_finalize_all_tracks
============================= 5 failed in 14.62s ==============================
